// Jest Snapshot v1, https://goo.gl/fbAQLP

exports[`Introduction Section 1`] = `
<div
  className="flex flex-col justify-center w-full mt-16"
>
  <div
    style={
      Object {
        "boxSizing": "border-box",
        "display": "inline-block",
        "margin": 0,
        "maxWidth": "100%",
        "overflow": "hidden",
        "position": "relative",
      }
    }
  >
    <div
      style={
        Object {
          "boxSizing": "border-box",
          "display": "block",
          "maxWidth": "100%",
        }
      }
    >
      <img
        alt=""
        aria-hidden={true}
        role="presentation"
        src="data:image/svg+xml;base64,PHN2ZyB3aWR0aD0iMTkwIiBoZWlnaHQ9IjE5MCIgeG1sbnM9Imh0dHA6Ly93d3cudzMub3JnLzIwMDAvc3ZnIiB2ZXJzaW9uPSIxLjEiLz4="
        style={
          Object {
            "border": "none",
            "display": "block",
            "margin": 0,
            "maxWidth": "100%",
            "padding": 0,
          }
        }
      />
    </div>
    <noscript>
      <img
        alt="Memoji of John Cheng"
        decoding="async"
        src="/memoji.svg"
        srcSet="/_next/image?url=%2Fmemoji.svg&w=256&q=75 1x, /_next/image?url=%2Fmemoji.svg&w=384&q=75 2x"
        style={
          Object {
            "border": "none",
            "bottom": 0,
            "boxSizing": "border-box",
            "display": "block",
            "height": 0,
            "left": 0,
            "margin": "auto",
            "maxHeight": "100%",
            "maxWidth": "100%",
            "minHeight": "100%",
            "minWidth": "100%",
            "objectFit": undefined,
            "objectPosition": undefined,
            "padding": 0,
            "position": "absolute",
            "right": 0,
            "top": 0,
            "width": 0,
          }
        }
      />
    </noscript>
    <img
      alt="Memoji of John Cheng"
      decoding="async"
      src="data:image/gif;base64,R0lGODlhAQABAIAAAAAAAP///yH5BAEAAAAALAAAAAABAAEAAAIBRAA7"
      style={
        Object {
          "border": "none",
          "bottom": 0,
          "boxSizing": "border-box",
          "display": "block",
          "height": 0,
          "left": 0,
          "margin": "auto",
          "maxHeight": "100%",
          "maxWidth": "100%",
          "minHeight": "100%",
          "minWidth": "100%",
          "objectFit": undefined,
          "objectPosition": undefined,
          "padding": 0,
          "position": "absolute",
          "right": 0,
          "top": 0,
          "width": 0,
        }
      }
    />
  </div>
  <div
    className="flex justify-center mt-4 text-4xl lg:text-5xl"
  >
    Hi, I'm JohnÂ 
    <span
      aria-label="Waving emoji"
      role="img"
    >
      ðŸ‘‹
    </span>
  </div>
  <div
    className="flex justify-center text-center mt-10 text-2xl lg:text-3xl"
  >
    I am a Software Engineer and Badminton Enthusiast.
  </div>
</div>
`;
